// Vitest Snapshot v1, https://vitest.dev/guide/snapshot.html

exports[`React > should first 1`] = `undefined`;
